// Jest Snapshot v1, https://goo.gl/fbAQLP

exports[`HypeSummary should render a valid hypertension summary 1`] = `
<WithStyles(ForwardRef(Grid))
  container={true}
  direction="column"
  spacing={2}
>
  <WithStyles(ForwardRef(Grid))
    item={true}
  >
    <WithStyles(ForwardRef(Typography))
      component="p"
      variant="body1"
    >
      Fri May 08 2020
    </WithStyles(ForwardRef(Typography))>
  </WithStyles(ForwardRef(Grid))>
  <WithStyles(ForwardRef(Grid))
    item={true}
  >
    <WithStyles(ForwardRef(Typography))
      component="p"
      variant="body1"
    >
      Systolic Blood Pressure: 
      0
    </WithStyles(ForwardRef(Typography))>
  </WithStyles(ForwardRef(Grid))>
  <WithStyles(ForwardRef(Grid))
    item={true}
  >
    <WithStyles(ForwardRef(Typography))
      component="p"
      variant="body1"
    >
      Diastolic Blood Pressure: 
      0
    </WithStyles(ForwardRef(Typography))>
  </WithStyles(ForwardRef(Grid))>
  <WithStyles(ForwardRef(Grid))
    item={true}
  >
    <WithStyles(ForwardRef(Typography))
      className="makeStyles-resultLabel-1"
      component="h6"
      variant="h6"
    >
      Results: 
      Stage 3
    </WithStyles(ForwardRef(Typography))>
  </WithStyles(ForwardRef(Grid))>
</WithStyles(ForwardRef(Grid))>
`;
